// Jest Snapshot v1, https://jestjs.io/docs/snapshot-testing

exports[`Management Page matches snapshot 1`] = `
<DocumentFragment>
  <div
    class="container"
  >
    <main
      class="mainContent"
    >
      <header
        class="header"
      >
        <h1
          class="title"
        >
          DATA MANAGEMENT
        </h1>
        <p
          class="subtitle"
        >
          Manage RFID cards and export system logs
        </p>
      </header>
      <div
        class="statsGrid"
      >
        <div
          class="statCard"
        >
          <div
            class="statHeader"
          >
            <svg
              aria-hidden="true"
              class="lucide lucide-credit-card"
              fill="none"
              height="14"
              stroke="currentColor"
              stroke-linecap="round"
              stroke-linejoin="round"
              stroke-width="2"
              viewBox="0 0 24 24"
              width="14"
              xmlns="http://www.w3.org/2000/svg"
            >
              <rect
                height="14"
                rx="2"
                width="20"
                x="2"
                y="5"
              />
              <line
                x1="2"
                x2="22"
                y1="10"
                y2="10"
              />
            </svg>
            <span>
              Total Cards
            </span>
          </div>
          <div
            class="statValue textCyan"
          >
            5
          </div>
        </div>
        <div
          class="statCard"
        >
          <div
            class="statHeader"
          >
            <svg
              aria-hidden="true"
              class="lucide lucide-credit-card"
              fill="none"
              height="14"
              stroke="currentColor"
              stroke-linecap="round"
              stroke-linejoin="round"
              stroke-width="2"
              viewBox="0 0 24 24"
              width="14"
              xmlns="http://www.w3.org/2000/svg"
            >
              <rect
                height="14"
                rx="2"
                width="20"
                x="2"
                y="5"
              />
              <line
                x1="2"
                x2="22"
                y1="10"
                y2="10"
              />
            </svg>
            <span>
              Active Cards
            </span>
          </div>
          <div
            class="statValue textGreen"
          >
            4
          </div>
        </div>
        <div
          class="statCard"
        >
          <div
            class="statHeader"
          >
            <svg
              aria-hidden="true"
              class="lucide lucide-credit-card"
              fill="none"
              height="14"
              stroke="currentColor"
              stroke-linecap="round"
              stroke-linejoin="round"
              stroke-width="2"
              viewBox="0 0 24 24"
              width="14"
              xmlns="http://www.w3.org/2000/svg"
            >
              <rect
                height="14"
                rx="2"
                width="20"
                x="2"
                y="5"
              />
              <line
                x1="2"
                x2="22"
                y1="10"
                y2="10"
              />
            </svg>
            <span>
              Inactive Cards
            </span>
          </div>
          <div
            class="statValue textRed"
          >
            1
          </div>
        </div>
      </div>
      <div
        class="sectionCard"
      >
        <h2
          class="sectionTitle"
        >
          Export System Logs
        </h2>
        <div
          class="exportButtons"
        >
          <button
            class="exportBtn btnCyan"
          >
            <svg
              aria-hidden="true"
              class="lucide lucide-download"
              fill="none"
              height="18"
              stroke="currentColor"
              stroke-linecap="round"
              stroke-linejoin="round"
              stroke-width="2"
              viewBox="0 0 24 24"
              width="18"
              xmlns="http://www.w3.org/2000/svg"
            >
              <path
                d="M12 15V3"
              />
              <path
                d="M21 15v4a2 2 0 0 1-2 2H5a2 2 0 0 1-2-2v-4"
              />
              <path
                d="m7 10 5 5 5-5"
              />
            </svg>
            <span>
              Export Cards (CSV)
            </span>
          </button>
          <button
            class="exportBtn btnGreen"
          >
            <svg
              aria-hidden="true"
              class="lucide lucide-file-text"
              fill="none"
              height="18"
              stroke="currentColor"
              stroke-linecap="round"
              stroke-linejoin="round"
              stroke-width="2"
              viewBox="0 0 24 24"
              width="18"
              xmlns="http://www.w3.org/2000/svg"
            >
              <path
                d="M6 22a2 2 0 0 1-2-2V4a2 2 0 0 1 2-2h8a2.4 2.4 0 0 1 1.704.706l3.588 3.588A2.4 2.4 0 0 1 20 8v12a2 2 0 0 1-2 2z"
              />
              <path
                d="M14 2v5a1 1 0 0 0 1 1h5"
              />
              <path
                d="M10 9H8"
              />
              <path
                d="M16 13H8"
              />
              <path
                d="M16 17H8"
              />
            </svg>
            <span>
              Export Transaction Logs
            </span>
          </button>
        </div>
        <p
          class="btnDesc"
        >
          Generate comprehensive reports including all gate transactions, access logs, and system events
        </p>
      </div>
      <div
        class="sectionCard"
      >
        <div
          class="registryHeader"
        >
          <h2
            class="sectionTitle"
            style="margin-bottom: 0px;"
          >
            RFID CARD REGISTRY
          </h2>
          <button
            class="addBtn"
          >
            <svg
              aria-hidden="true"
              class="lucide lucide-plus"
              fill="none"
              height="16"
              stroke="currentColor"
              stroke-linecap="round"
              stroke-linejoin="round"
              stroke-width="2"
              viewBox="0 0 24 24"
              width="16"
              xmlns="http://www.w3.org/2000/svg"
            >
              <path
                d="M5 12h14"
              />
              <path
                d="M12 5v14"
              />
            </svg>
            <span>
              Add Card
            </span>
          </button>
        </div>
        <div
          class="searchContainer"
        >
          <svg
            aria-hidden="true"
            class="lucide lucide-search searchIcon"
            fill="none"
            height="18"
            stroke="currentColor"
            stroke-linecap="round"
            stroke-linejoin="round"
            stroke-width="2"
            viewBox="0 0 24 24"
            width="18"
            xmlns="http://www.w3.org/2000/svg"
          >
            <path
              d="m21 21-4.34-4.34"
            />
            <circle
              cx="11"
              cy="11"
              r="8"
            />
          </svg>
          <input
            class="searchInput searchIconPadding"
            placeholder="Search by UID or owner name..."
            type="text"
            value=""
          />
        </div>
        <table
          class="tableContainer"
        >
          <thead>
            <tr>
              <th
                class="tableHeader"
              >
                Card UID
              </th>
              <th
                class="tableHeader"
              >
                Owner
              </th>
              <th
                class="tableHeader"
              >
                Registered Date
              </th>
              <th
                class="tableHeader"
              >
                Status
              </th>
              <th
                class="tableHeader"
              >
                Actions
              </th>
            </tr>
          </thead>
          <tbody>
            <tr
              class="row"
            >
              <td
                class="cell uid"
              >
                RFID-4521
              </td>
              <td
                class="cell"
                style="color: white; font-weight: 500;"
              >
                John Doe
              </td>
              <td
                class="cell"
              >
                <div
                  class="dateCell"
                >
                  <svg
                    aria-hidden="true"
                    class="lucide lucide-calendar"
                    fill="none"
                    height="14"
                    stroke="currentColor"
                    stroke-linecap="round"
                    stroke-linejoin="round"
                    stroke-width="2"
                    viewBox="0 0 24 24"
                    width="14"
                    xmlns="http://www.w3.org/2000/svg"
                  >
                    <path
                      d="M8 2v4"
                    />
                    <path
                      d="M16 2v4"
                    />
                    <rect
                      height="18"
                      rx="2"
                      width="18"
                      x="3"
                      y="4"
                    />
                    <path
                      d="M3 10h18"
                    />
                  </svg>
                  2026-01-15
                </div>
              </td>
              <td
                class="cell"
              >
                <span
                  class="statusBadge activeBadge"
                >
                  ACTIVE
                </span>
              </td>
              <td
                class="cell"
              >
                <button
                  class="deleteBtn"
                >
                  <svg
                    aria-hidden="true"
                    class="lucide lucide-trash2 lucide-trash-2"
                    fill="none"
                    height="16"
                    stroke="currentColor"
                    stroke-linecap="round"
                    stroke-linejoin="round"
                    stroke-width="2"
                    viewBox="0 0 24 24"
                    width="16"
                    xmlns="http://www.w3.org/2000/svg"
                  >
                    <path
                      d="M10 11v6"
                    />
                    <path
                      d="M14 11v6"
                    />
                    <path
                      d="M19 6v14a2 2 0 0 1-2 2H7a2 2 0 0 1-2-2V6"
                    />
                    <path
                      d="M3 6h18"
                    />
                    <path
                      d="M8 6V4a2 2 0 0 1 2-2h4a2 2 0 0 1 2 2v2"
                    />
                  </svg>
                </button>
              </td>
            </tr>
            <tr
              class="row"
            >
              <td
                class="cell uid"
              >
                RFID-7832
              </td>
              <td
                class="cell"
                style="color: white; font-weight: 500;"
              >
                Jane Smith
              </td>
              <td
                class="cell"
              >
                <div
                  class="dateCell"
                >
                  <svg
                    aria-hidden="true"
                    class="lucide lucide-calendar"
                    fill="none"
                    height="14"
                    stroke="currentColor"
                    stroke-linecap="round"
                    stroke-linejoin="round"
                    stroke-width="2"
                    viewBox="0 0 24 24"
                    width="14"
                    xmlns="http://www.w3.org/2000/svg"
                  >
                    <path
                      d="M8 2v4"
                    />
                    <path
                      d="M16 2v4"
                    />
                    <rect
                      height="18"
                      rx="2"
                      width="18"
                      x="3"
                      y="4"
                    />
                    <path
                      d="M3 10h18"
                    />
                  </svg>
                  2026-02-08
                </div>
              </td>
              <td
                class="cell"
              >
                <span
                  class="statusBadge activeBadge"
                >
                  ACTIVE
                </span>
              </td>
              <td
                class="cell"
              >
                <button
                  class="deleteBtn"
                >
                  <svg
                    aria-hidden="true"
                    class="lucide lucide-trash2 lucide-trash-2"
                    fill="none"
                    height="16"
                    stroke="currentColor"
                    stroke-linecap="round"
                    stroke-linejoin="round"
                    stroke-width="2"
                    viewBox="0 0 24 24"
                    width="16"
                    xmlns="http://www.w3.org/2000/svg"
                  >
                    <path
                      d="M10 11v6"
                    />
                    <path
                      d="M14 11v6"
                    />
                    <path
                      d="M19 6v14a2 2 0 0 1-2 2H7a2 2 0 0 1-2-2V6"
                    />
                    <path
                      d="M3 6h18"
                    />
                    <path
                      d="M8 6V4a2 2 0 0 1 2-2h4a2 2 0 0 1 2 2v2"
                    />
                  </svg>
                </button>
              </td>
            </tr>
            <tr
              class="row"
            >
              <td
                class="cell uid"
              >
                RFID-3345
              </td>
              <td
                class="cell"
                style="color: white; font-weight: 500;"
              >
                Bob Johnson
              </td>
              <td
                class="cell"
              >
                <div
                  class="dateCell"
                >
                  <svg
                    aria-hidden="true"
                    class="lucide lucide-calendar"
                    fill="none"
                    height="14"
                    stroke="currentColor"
                    stroke-linecap="round"
                    stroke-linejoin="round"
                    stroke-width="2"
                    viewBox="0 0 24 24"
                    width="14"
                    xmlns="http://www.w3.org/2000/svg"
                  >
                    <path
                      d="M8 2v4"
                    />
                    <path
                      d="M16 2v4"
                    />
                    <rect
                      height="18"
                      rx="2"
                      width="18"
                      x="3"
                      y="4"
                    />
                    <path
                      d="M3 10h18"
                    />
                  </svg>
                  2026-03-12
                </div>
              </td>
              <td
                class="cell"
              >
                <span
                  class="statusBadge activeBadge"
                >
                  ACTIVE
                </span>
              </td>
              <td
                class="cell"
              >
                <button
                  class="deleteBtn"
                >
                  <svg
                    aria-hidden="true"
                    class="lucide lucide-trash2 lucide-trash-2"
                    fill="none"
                    height="16"
                    stroke="currentColor"
                    stroke-linecap="round"
                    stroke-linejoin="round"
                    stroke-width="2"
                    viewBox="0 0 24 24"
                    width="16"
                    xmlns="http://www.w3.org/2000/svg"
                  >
                    <path
                      d="M10 11v6"
                    />
                    <path
                      d="M14 11v6"
                    />
                    <path
                      d="M19 6v14a2 2 0 0 1-2 2H7a2 2 0 0 1-2-2V6"
                    />
                    <path
                      d="M3 6h18"
                    />
                    <path
                      d="M8 6V4a2 2 0 0 1 2-2h4a2 2 0 0 1 2 2v2"
                    />
                  </svg>
                </button>
              </td>
            </tr>
            <tr
              class="row"
            >
              <td
                class="cell uid"
              >
                RFID-6678
              </td>
              <td
                class="cell"
                style="color: white; font-weight: 500;"
              >
                Alice Williams
              </td>
              <td
                class="cell"
              >
                <div
                  class="dateCell"
                >
                  <svg
                    aria-hidden="true"
                    class="lucide lucide-calendar"
                    fill="none"
                    height="14"
                    stroke="currentColor"
                    stroke-linecap="round"
                    stroke-linejoin="round"
                    stroke-width="2"
                    viewBox="0 0 24 24"
                    width="14"
                    xmlns="http://www.w3.org/2000/svg"
                  >
                    <path
                      d="M8 2v4"
                    />
                    <path
                      d="M16 2v4"
                    />
                    <rect
                      height="18"
                      rx="2"
                      width="18"
                      x="3"
                      y="4"
                    />
                    <path
                      d="M3 10h18"
                    />
                  </svg>
                  2026-03-25
                </div>
              </td>
              <td
                class="cell"
              >
                <span
                  class="statusBadge activeBadge"
                >
                  ACTIVE
                </span>
              </td>
              <td
                class="cell"
              >
                <button
                  class="deleteBtn"
                >
                  <svg
                    aria-hidden="true"
                    class="lucide lucide-trash2 lucide-trash-2"
                    fill="none"
                    height="16"
                    stroke="currentColor"
                    stroke-linecap="round"
                    stroke-linejoin="round"
                    stroke-width="2"
                    viewBox="0 0 24 24"
                    width="16"
                    xmlns="http://www.w3.org/2000/svg"
                  >
                    <path
                      d="M10 11v6"
                    />
                    <path
                      d="M14 11v6"
                    />
                    <path
                      d="M19 6v14a2 2 0 0 1-2 2H7a2 2 0 0 1-2-2V6"
                    />
                    <path
                      d="M3 6h18"
                    />
                    <path
                      d="M8 6V4a2 2 0 0 1 2-2h4a2 2 0 0 1 2 2v2"
                    />
                  </svg>
                </button>
              </td>
            </tr>
            <tr
              class="row"
            >
              <td
                class="cell uid"
              >
                RFID-1234
              </td>
              <td
                class="cell"
                style="color: white; font-weight: 500;"
              >
                Charlie Brown
              </td>
              <td
                class="cell"
              >
                <div
                  class="dateCell"
                >
                  <svg
                    aria-hidden="true"
                    class="lucide lucide-calendar"
                    fill="none"
                    height="14"
                    stroke="currentColor"
                    stroke-linecap="round"
                    stroke-linejoin="round"
                    stroke-width="2"
                    viewBox="0 0 24 24"
                    width="14"
                    xmlns="http://www.w3.org/2000/svg"
                  >
                    <path
                      d="M8 2v4"
                    />
                    <path
                      d="M16 2v4"
                    />
                    <rect
                      height="18"
                      rx="2"
                      width="18"
                      x="3"
                      y="4"
                    />
                    <path
                      d="M3 10h18"
                    />
                  </svg>
                  2026-04-01
                </div>
              </td>
              <td
                class="cell"
              >
                <span
                  class="statusBadge inactiveBadge"
                >
                  INACTIVE
                </span>
              </td>
              <td
                class="cell"
              >
                <button
                  class="deleteBtn"
                >
                  <svg
                    aria-hidden="true"
                    class="lucide lucide-trash2 lucide-trash-2"
                    fill="none"
                    height="16"
                    stroke="currentColor"
                    stroke-linecap="round"
                    stroke-linejoin="round"
                    stroke-width="2"
                    viewBox="0 0 24 24"
                    width="16"
                    xmlns="http://www.w3.org/2000/svg"
                  >
                    <path
                      d="M10 11v6"
                    />
                    <path
                      d="M14 11v6"
                    />
                    <path
                      d="M19 6v14a2 2 0 0 1-2 2H7a2 2 0 0 1-2-2V6"
                    />
                    <path
                      d="M3 6h18"
                    />
                    <path
                      d="M8 6V4a2 2 0 0 1 2-2h4a2 2 0 0 1 2 2v2"
                    />
                  </svg>
                </button>
              </td>
            </tr>
          </tbody>
        </table>
      </div>
      <div
        style="height: 50px;"
      />
    </main>
  </div>
</DocumentFragment>
`;
