// Jest Snapshot v1, https://jestjs.io/docs/snapshot-testing

exports[`Sidebar matches snapshot 1`] = `
<DocumentFragment>
  <aside
    class="sidebar"
  >
    <div
      class="logoSection"
    >
      <div
        class="logoIcon"
      >
        <div
          class="innerCircle"
        />
      </div>
      <div>
        <h1
          class="logoTitle"
        >
          TOLL GATE
        </h1>
        <p
          class="logoSubtitle"
        >
          KELOMPOK 5
        </p>
      </div>
    </div>
    <nav
      class="nav"
    >
      <a
        class="navItem active"
        href="/"
      >
        <svg
          aria-hidden="true"
          class="lucide lucide-layout-dashboard"
          fill="none"
          height="20"
          stroke="currentColor"
          stroke-linecap="round"
          stroke-linejoin="round"
          stroke-width="2"
          viewBox="0 0 24 24"
          width="20"
          xmlns="http://www.w3.org/2000/svg"
        >
          <rect
            height="9"
            rx="1"
            width="7"
            x="3"
            y="3"
          />
          <rect
            height="5"
            rx="1"
            width="7"
            x="14"
            y="3"
          />
          <rect
            height="9"
            rx="1"
            width="7"
            x="14"
            y="12"
          />
          <rect
            height="5"
            rx="1"
            width="7"
            x="3"
            y="16"
          />
        </svg>
        <span>
          Dashboard
        </span>
      </a>
      <a
        class="navItem "
        href="/analytics"
      >
        <svg
          aria-hidden="true"
          class="lucide lucide-chart-no-axes-column"
          fill="none"
          height="20"
          stroke="currentColor"
          stroke-linecap="round"
          stroke-linejoin="round"
          stroke-width="2"
          viewBox="0 0 24 24"
          width="20"
          xmlns="http://www.w3.org/2000/svg"
        >
          <path
            d="M5 21v-6"
          />
          <path
            d="M12 21V3"
          />
          <path
            d="M19 21V9"
          />
        </svg>
        <span>
          Analytics
        </span>
      </a>
      <a
        class="navItem "
        href="/management"
      >
        <svg
          aria-hidden="true"
          class="lucide lucide-database"
          fill="none"
          height="20"
          stroke="currentColor"
          stroke-linecap="round"
          stroke-linejoin="round"
          stroke-width="2"
          viewBox="0 0 24 24"
          width="20"
          xmlns="http://www.w3.org/2000/svg"
        >
          <ellipse
            cx="12"
            cy="5"
            rx="9"
            ry="3"
          />
          <path
            d="M3 5V19A9 3 0 0 0 21 19V5"
          />
          <path
            d="M3 12A9 3 0 0 0 21 12"
          />
        </svg>
        <span>
          Management
        </span>
      </a>
    </nav>
    <div
      class="sidebarFooter"
    >
      <div
        class="statusSection"
      >
        <span
          class="statusLabel"
        >
          SYSTEM STATUS
        </span>
        <span
          class="statusText"
        >
          ONLINE
        </span>
      </div>
      <div
        class="footerIcon"
      >
        <svg
          aria-hidden="true"
          class="lucide lucide-settings"
          fill="none"
          height="18"
          stroke="currentColor"
          stroke-linecap="round"
          stroke-linejoin="round"
          stroke-width="2"
          viewBox="0 0 24 24"
          width="18"
          xmlns="http://www.w3.org/2000/svg"
        >
          <path
            d="M9.671 4.136a2.34 2.34 0 0 1 4.659 0 2.34 2.34 0 0 0 3.319 1.915 2.34 2.34 0 0 1 2.33 4.033 2.34 2.34 0 0 0 0 3.831 2.34 2.34 0 0 1-2.33 4.033 2.34 2.34 0 0 0-3.319 1.915 2.34 2.34 0 0 1-4.659 0 2.34 2.34 0 0 0-3.32-1.915 2.34 2.34 0 0 1-2.33-4.033 2.34 2.34 0 0 0 0-3.831A2.34 2.34 0 0 1 6.35 6.051a2.34 2.34 0 0 0 3.319-1.915"
          />
          <circle
            cx="12"
            cy="12"
            r="3"
          />
        </svg>
      </div>
    </div>
  </aside>
</DocumentFragment>
`;
